<?xml version="1.0" encoding="UTF-8"?>
<testsuites name="Mocha Tests" time="69.4440" tests="6" failures="3">
  <testsuite name="Root Suite" timestamp="2022-09-07T15:06:10" tests="0" file="cypress\e2e\cucumber-test\Suites\GX-33\account.RecoveryPassword.feature" time="0.0000" failures="0">
  </testsuite>
  <testsuite name="🟢📜OrangeHRM | Account | Recuperar contraseña olvidada por usurio" timestamp="2022-09-07T15:06:10" tests="6" time="69.3080" failures="3">
    <testcase name="Us-GX2-33 | TC1 |Validar recuperar contraseña correctamente (example #1)" time="19.0600" classname="🟢📜OrangeHRM | Account | Recuperar contraseña olvidada por usurio Us-GX2-33 | TC1 |Validar recuperar contraseña correctamente (example #1)">
    </testcase>
    <testcase name="Us-GX2-33 | TC1 |Validar recuperar contraseña correctamente (example #2)" time="9.5330" classname="🟢📜OrangeHRM | Account | Recuperar contraseña olvidada por usurio Us-GX2-33 | TC1 |Validar recuperar contraseña correctamente (example #2)">
    </testcase>
    <testcase name="Us-GX2-33 | TC2 |Validar NO poder recuperar contraseña cuando el campo username esta vacio" time="4.9130" classname="🟢📜OrangeHRM | Account | Recuperar contraseña olvidada por usurio Us-GX2-33 | TC2 |Validar NO poder recuperar contraseña cuando el campo username esta vacio">
    </testcase>
    <testcase name="Us-GX2-33 | TC3 |Validar NO poder recuperar contraseña cuando se ingresa username no valido (example #1)" time="0.0000" classname="🟢📜OrangeHRM | Account | Recuperar contraseña olvidada por usurio Us-GX2-33 | TC3 |Validar NO poder recuperar contraseña cuando se ingresa username no valido (example #1)">
      <failure message="Timed out retrying after 4000ms: Expected to find element: `span`, but never found it." type="AssertionError"><![CDATA[AssertionError: Timed out retrying after 4000ms: Expected to find element: `span`, but never found it.
    at Context.eval (https://opensource-demo.orangehrmlive.com/__cypress/tests?p=cypress\e2e\cucumber-test\Suites\GX-33\account.RecoveryPassword.feature:9685:26)
    at Registry.runStepDefininition (https://opensource-demo.orangehrmlive.com/__cypress/tests?p=cypress\e2e\cucumber-test\Suites\GX-33\account.RecoveryPassword.feature:8328:48)
    at Context.eval (https://opensource-demo.orangehrmlive.com/__cypress/tests?p=cypress\e2e\cucumber-test\Suites\GX-33\account.RecoveryPassword.feature:9111:48)]]></failure>
    </testcase>
    <testcase name="Us-GX2-33 | TC3 |Validar NO poder recuperar contraseña cuando se ingresa username no valido (example #2)" time="0.0000" classname="🟢📜OrangeHRM | Account | Recuperar contraseña olvidada por usurio Us-GX2-33 | TC3 |Validar NO poder recuperar contraseña cuando se ingresa username no valido (example #2)">
      <failure message="Timed out retrying after 4000ms: Expected to find element: `span`, but never found it." type="AssertionError"><![CDATA[AssertionError: Timed out retrying after 4000ms: Expected to find element: `span`, but never found it.
    at Context.eval (https://opensource-demo.orangehrmlive.com/__cypress/tests?p=cypress\e2e\cucumber-test\Suites\GX-33\account.RecoveryPassword.feature:9685:26)
    at Registry.runStepDefininition (https://opensource-demo.orangehrmlive.com/__cypress/tests?p=cypress\e2e\cucumber-test\Suites\GX-33\account.RecoveryPassword.feature:8328:48)
    at Context.eval (https://opensource-demo.orangehrmlive.com/__cypress/tests?p=cypress\e2e\cucumber-test\Suites\GX-33\account.RecoveryPassword.feature:9111:48)]]></failure>
    </testcase>
    <testcase name="Us-GX2-33 | TC3 |Validar NO poder recuperar contraseña cuando se ingresa username no valido (example #3)" time="0.0000" classname="🟢📜OrangeHRM | Account | Recuperar contraseña olvidada por usurio Us-GX2-33 | TC3 |Validar NO poder recuperar contraseña cuando se ingresa username no valido (example #3)">
      <failure message="Timed out retrying after 4000ms: Expected to find element: `span`, but never found it." type="AssertionError"><![CDATA[AssertionError: Timed out retrying after 4000ms: Expected to find element: `span`, but never found it.
    at Context.eval (https://opensource-demo.orangehrmlive.com/__cypress/tests?p=cypress\e2e\cucumber-test\Suites\GX-33\account.RecoveryPassword.feature:9685:26)
    at Registry.runStepDefininition (https://opensource-demo.orangehrmlive.com/__cypress/tests?p=cypress\e2e\cucumber-test\Suites\GX-33\account.RecoveryPassword.feature:8328:48)
    at Context.eval (https://opensource-demo.orangehrmlive.com/__cypress/tests?p=cypress\e2e\cucumber-test\Suites\GX-33\account.RecoveryPassword.feature:9111:48)]]></failure>
    </testcase>
  </testsuite>
</testsuites>